== Abstract Syntax Tree ==
LogicalTableScan(table=[[_DataStreamTable_0]])

== Optimized Logical Plan ==
DataStreamLastRow(keys=[b], select=[a, b, c])
  UpsertStreamScan(table=[[_DataStreamTable_0]])

== Physical Execution Plan ==
 : Data Source
	content : collect elements with CollectionInputFormat

	 : Operator
		content : from: (a, b, c)
		ship_strategy : REBALANCE

